#! /usr/bin/vvp
:ivl_version "12.0 (stable)";
:ivl_delay_selection "TYPICAL";
:vpi_time_precision - 12;
:vpi_module "/usr/lib/x86_64-linux-gnu/ivl/system.vpi";
:vpi_module "/usr/lib/x86_64-linux-gnu/ivl/vhdl_sys.vpi";
:vpi_module "/usr/lib/x86_64-linux-gnu/ivl/vhdl_textio.vpi";
:vpi_module "/usr/lib/x86_64-linux-gnu/ivl/v2005_math.vpi";
:vpi_module "/usr/lib/x86_64-linux-gnu/ivl/va_math.vpi";
S_0x58a71f2144f0 .scope module, "openram_tb" "openram_tb" 2 3;
 .timescale -9 -12;
P_0x58a71f23afe0 .param/l "ADDR_WIDTH" 0 2 6, +C4<00000000000000000000000000000101>;
P_0x58a71f23b020 .param/l "DATA_WIDTH" 0 2 5, +C4<00000000000000000000000000001001>;
v0x58a71f284d10_0 .var "addr0", 4 0;
v0x58a71f284e20_0 .var "clk0", 0 0;
v0x58a71f284ef0_0 .var "csb0", 0 0;
v0x58a71f284ff0_0 .var "din0", 8 0;
v0x58a71f2850c0_0 .net "dout0", 8 0, v0x58a71f283ca0_0;  1 drivers
v0x58a71f2851b0_0 .var/i "fail_count", 31 0;
v0x58a71f285250_0 .var/i "pass_count", 31 0;
v0x58a71f2852f0_0 .var "spare_wen0", 0 0;
v0x58a71f2853c0_0 .var "web0", 0 0;
v0x58a71f285520_0 .var "wmask0", 3 0;
S_0x58a71f214720 .scope module, "DUT" "sky130_sram_0kbytes_1rw_8x16_2" 2 22, 3 6 0, S_0x58a71f2144f0;
 .timescale 0 0;
    .port_info 0 /INPUT 1 "clk0";
    .port_info 1 /INPUT 1 "csb0";
    .port_info 2 /INPUT 1 "web0";
    .port_info 3 /INPUT 4 "wmask0";
    .port_info 4 /INPUT 1 "spare_wen0";
    .port_info 5 /INPUT 5 "addr0";
    .port_info 6 /INPUT 9 "din0";
    .port_info 7 /OUTPUT 9 "dout0";
P_0x58a71f255ec0 .param/l "ADDR_WIDTH" 0 3 17, +C4<00000000000000000000000000000101>;
P_0x58a71f255f00 .param/l "DATA_WIDTH" 0 3 16, +C4<00000000000000000000000000001001>;
P_0x58a71f255f40 .param/l "DELAY" 0 3 20, +C4<00000000000000000000000000000011>;
P_0x58a71f255f80 .param/l "NUM_WMASKS" 0 3 15, +C4<00000000000000000000000000000100>;
P_0x58a71f255fc0 .param/l "RAM_DEPTH" 0 3 18, +C4<0000000000000000000000000000000100000>;
P_0x58a71f256000 .param/l "T_HOLD" 0 3 22, +C4<00000000000000000000000000000001>;
P_0x58a71f256040 .param/l "VERBOSE" 0 3 21, +C4<00000000000000000000000000000001>;
v0x58a71f246400_0 .net "addr0", 4 0, v0x58a71f284d10_0;  1 drivers
v0x58a71f247650_0 .var "addr0_reg", 4 0;
v0x58a71f23a640_0 .net "clk0", 0 0, v0x58a71f284e20_0;  1 drivers
v0x58a71f23a6e0_0 .net "csb0", 0 0, v0x58a71f284ef0_0;  1 drivers
v0x58a71f23d4e0_0 .var "csb0_reg", 0 0;
v0x58a71f23ab50_0 .net "din0", 8 0, v0x58a71f284ff0_0;  1 drivers
v0x58a71f23d620_0 .var "din0_reg", 8 0;
v0x58a71f283ca0_0 .var "dout0", 8 0;
v0x58a71f283d80 .array "mem", 31 0, 8 0;
v0x58a71f283e40_0 .net "spare_wen0", 0 0, v0x58a71f2852f0_0;  1 drivers
v0x58a71f283f00_0 .var "spare_wen0_reg", 0 0;
v0x58a71f283fc0_0 .net "web0", 0 0, v0x58a71f2853c0_0;  1 drivers
v0x58a71f284080_0 .var "web0_reg", 0 0;
v0x58a71f284140_0 .net "wmask0", 3 0, v0x58a71f285520_0;  1 drivers
v0x58a71f284220_0 .var "wmask0_reg", 3 0;
E_0x58a71f256ee0 .event negedge, v0x58a71f23a640_0;
E_0x58a71f25c320 .event posedge, v0x58a71f23a640_0;
S_0x58a71f2646c0 .scope begin, "MEM_READ0" "MEM_READ0" 3 85, 3 85 0, S_0x58a71f214720;
 .timescale 0 0;
S_0x58a71f264850 .scope begin, "MEM_WRITE0" "MEM_WRITE0" 3 67, 3 67 0, S_0x58a71f214720;
 .timescale 0 0;
S_0x58a71f284400 .scope task, "check_data" "check_data" 2 78, 2 78 0, S_0x58a71f2144f0;
 .timescale -9 -12;
v0x58a71f2845b0_0 .var "expected", 8 0;
TD_openram_tb.check_data ;
    %delay 1000, 0;
    %load/vec4 v0x58a71f2850c0_0;
    %load/vec4 v0x58a71f2845b0_0;
    %cmp/e;
    %jmp/0xz  T_0.0, 6;
    %vpi_call 2 88 "$display", "PASS  Time=%0t  Data=%h", $time, v0x58a71f2850c0_0 {0 0 0};
    %load/vec4 v0x58a71f285250_0;
    %addi 1, 0, 32;
    %store/vec4 v0x58a71f285250_0, 0, 32;
    %jmp T_0.1;
T_0.0 ;
    %vpi_call 2 93 "$display", "FAIL  Time=%0t  Expected=%h  Got=%h", $time, v0x58a71f2845b0_0, v0x58a71f2850c0_0 {0 0 0};
    %load/vec4 v0x58a71f2851b0_0;
    %addi 1, 0, 32;
    %store/vec4 v0x58a71f2851b0_0, 0, 32;
T_0.1 ;
    %end;
S_0x58a71f284690 .scope task, "read_word" "read_word" 2 58, 2 58 0, S_0x58a71f2144f0;
 .timescale -9 -12;
v0x58a71f284870_0 .var "addr", 4 0;
TD_openram_tb.read_word ;
    %load/vec4 v0x58a71f284870_0;
    %store/vec4 v0x58a71f284d10_0, 0, 5;
    %pushi/vec4 0, 0, 1;
    %store/vec4 v0x58a71f284ef0_0, 0, 1;
    %pushi/vec4 1, 0, 1;
    %store/vec4 v0x58a71f2853c0_0, 0, 1;
    %wait E_0x58a71f25c320;
    %wait E_0x58a71f256ee0;
    %delay 4000, 0;
    %pushi/vec4 1, 0, 1;
    %store/vec4 v0x58a71f284ef0_0, 0, 1;
    %end;
S_0x58a71f284950 .scope task, "write_word" "write_word" 2 34, 2 34 0, S_0x58a71f2144f0;
 .timescale -9 -12;
v0x58a71f284b30_0 .var "addr", 4 0;
v0x58a71f284c30_0 .var "data", 8 0;
TD_openram_tb.write_word ;
    %load/vec4 v0x58a71f284b30_0;
    %store/vec4 v0x58a71f284d10_0, 0, 5;
    %load/vec4 v0x58a71f284c30_0;
    %store/vec4 v0x58a71f284ff0_0, 0, 9;
    %pushi/vec4 0, 0, 1;
    %store/vec4 v0x58a71f284ef0_0, 0, 1;
    %pushi/vec4 0, 0, 1;
    %store/vec4 v0x58a71f2853c0_0, 0, 1;
    %wait E_0x58a71f25c320;
    %wait E_0x58a71f256ee0;
    %pushi/vec4 1, 0, 1;
    %store/vec4 v0x58a71f284ef0_0, 0, 1;
    %pushi/vec4 1, 0, 1;
    %store/vec4 v0x58a71f2853c0_0, 0, 1;
    %end;
    .scope S_0x58a71f214720;
T_3 ;
    %wait E_0x58a71f25c320;
    %load/vec4 v0x58a71f23a6e0_0;
    %store/vec4 v0x58a71f23d4e0_0, 0, 1;
    %load/vec4 v0x58a71f283fc0_0;
    %store/vec4 v0x58a71f284080_0, 0, 1;
    %load/vec4 v0x58a71f284140_0;
    %store/vec4 v0x58a71f284220_0, 0, 4;
    %load/vec4 v0x58a71f283e40_0;
    %store/vec4 v0x58a71f283f00_0, 0, 1;
    %load/vec4 v0x58a71f246400_0;
    %store/vec4 v0x58a71f247650_0, 0, 5;
    %load/vec4 v0x58a71f23ab50_0;
    %store/vec4 v0x58a71f23d620_0, 0, 9;
    %delay 3567587328, 232;
    %pushi/vec4 255, 255, 9;
    %store/vec4 v0x58a71f283ca0_0, 0, 9;
    %load/vec4 v0x58a71f23d4e0_0;
    %nor/r;
    %flag_set/vec4 10;
    %flag_get/vec4 10;
    %jmp/0 T_3.3, 10;
    %load/vec4 v0x58a71f284080_0;
    %and;
T_3.3;
    %flag_set/vec4 9;
    %flag_get/vec4 9;
    %jmp/0 T_3.2, 9;
    %pushi/vec4 1, 0, 1;
    %and;
T_3.2;
    %flag_set/vec4 8;
    %jmp/0xz  T_3.0, 8;
    %load/vec4 v0x58a71f247650_0;
    %pad/u 7;
    %ix/vec4 4;
    %load/vec4a v0x58a71f283d80, 4;
    %vpi_call 3 58 "$display", $time, " Reading %m addr0=%b dout0=%b", v0x58a71f247650_0, S<0,vec4,u9> {1 0 0};
T_3.0 ;
    %load/vec4 v0x58a71f23d4e0_0;
    %nor/r;
    %flag_set/vec4 10;
    %flag_get/vec4 10;
    %jmp/0 T_3.7, 10;
    %load/vec4 v0x58a71f284080_0;
    %nor/r;
    %and;
T_3.7;
    %flag_set/vec4 9;
    %flag_get/vec4 9;
    %jmp/0 T_3.6, 9;
    %pushi/vec4 1, 0, 1;
    %and;
T_3.6;
    %flag_set/vec4 8;
    %jmp/0xz  T_3.4, 8;
    %vpi_call 3 60 "$display", $time, " Writing %m addr0=%b din0=%b wmask0=%b", v0x58a71f247650_0, v0x58a71f23d620_0, v0x58a71f284220_0 {0 0 0};
T_3.4 ;
    %jmp T_3;
    .thread T_3;
    .scope S_0x58a71f214720;
T_4 ;
    %wait E_0x58a71f256ee0;
    %fork t_1, S_0x58a71f264850;
    %jmp t_0;
    .scope S_0x58a71f264850;
t_1 ;
    %load/vec4 v0x58a71f23d4e0_0;
    %nor/r;
    %flag_set/vec4 9;
    %flag_get/vec4 9;
    %jmp/0 T_4.2, 9;
    %load/vec4 v0x58a71f284080_0;
    %nor/r;
    %and;
T_4.2;
    %flag_set/vec4 8;
    %jmp/0xz  T_4.0, 8;
    %load/vec4 v0x58a71f284220_0;
    %parti/s 1, 0, 2;
    %flag_set/vec4 8;
    %jmp/0xz  T_4.3, 8;
    %load/vec4 v0x58a71f23d620_0;
    %parti/s 2, 0, 2;
    %load/vec4 v0x58a71f247650_0;
    %pad/u 7;
    %ix/vec4 4;
    %flag_mov 8, 4;
    %ix/load 5, 0, 0;
    %flag_set/imm 4, 0;
    %flag_or 4, 8;
    %store/vec4a v0x58a71f283d80, 4, 5;
T_4.3 ;
    %load/vec4 v0x58a71f284220_0;
    %parti/s 1, 1, 2;
    %flag_set/vec4 8;
    %jmp/0xz  T_4.5, 8;
    %load/vec4 v0x58a71f23d620_0;
    %parti/s 2, 2, 3;
    %load/vec4 v0x58a71f247650_0;
    %pad/u 7;
    %ix/vec4 4;
    %flag_mov 8, 4;
    %ix/load 5, 2, 0;
    %flag_set/imm 4, 0;
    %flag_or 4, 8;
    %store/vec4a v0x58a71f283d80, 4, 5;
T_4.5 ;
    %load/vec4 v0x58a71f284220_0;
    %parti/s 1, 2, 3;
    %flag_set/vec4 8;
    %jmp/0xz  T_4.7, 8;
    %load/vec4 v0x58a71f23d620_0;
    %parti/s 2, 4, 4;
    %load/vec4 v0x58a71f247650_0;
    %pad/u 7;
    %ix/vec4 4;
    %flag_mov 8, 4;
    %ix/load 5, 4, 0;
    %flag_set/imm 4, 0;
    %flag_or 4, 8;
    %store/vec4a v0x58a71f283d80, 4, 5;
T_4.7 ;
    %load/vec4 v0x58a71f284220_0;
    %parti/s 1, 3, 3;
    %flag_set/vec4 8;
    %jmp/0xz  T_4.9, 8;
    %load/vec4 v0x58a71f23d620_0;
    %parti/s 2, 6, 4;
    %load/vec4 v0x58a71f247650_0;
    %pad/u 7;
    %ix/vec4 4;
    %flag_mov 8, 4;
    %ix/load 5, 6, 0;
    %flag_set/imm 4, 0;
    %flag_or 4, 8;
    %store/vec4a v0x58a71f283d80, 4, 5;
T_4.9 ;
    %load/vec4 v0x58a71f283f00_0;
    %flag_set/vec4 8;
    %jmp/0xz  T_4.11, 8;
    %load/vec4 v0x58a71f23d620_0;
    %parti/s 1, 8, 5;
    %load/vec4 v0x58a71f247650_0;
    %pad/u 7;
    %ix/vec4 4;
    %flag_mov 8, 4;
    %ix/load 5, 8, 0;
    %flag_set/imm 4, 0;
    %flag_or 4, 8;
    %store/vec4a v0x58a71f283d80, 4, 5;
T_4.11 ;
T_4.0 ;
    %end;
    .scope S_0x58a71f214720;
t_0 %join;
    %jmp T_4;
    .thread T_4;
    .scope S_0x58a71f214720;
T_5 ;
    %wait E_0x58a71f256ee0;
    %fork t_3, S_0x58a71f2646c0;
    %jmp t_2;
    .scope S_0x58a71f2646c0;
t_3 ;
    %load/vec4 v0x58a71f23d4e0_0;
    %nor/r;
    %flag_set/vec4 9;
    %flag_get/vec4 9;
    %jmp/0 T_5.2, 9;
    %load/vec4 v0x58a71f284080_0;
    %and;
T_5.2;
    %flag_set/vec4 8;
    %jmp/0xz  T_5.0, 8;
    %load/vec4 v0x58a71f247650_0;
    %pad/u 7;
    %ix/vec4 4;
    %load/vec4a v0x58a71f283d80, 4;
    %ix/load 4, 2112827392, 698;
    %assign/vec4/d v0x58a71f283ca0_0, 4;
T_5.0 ;
    %end;
    .scope S_0x58a71f214720;
t_2 %join;
    %jmp T_5;
    .thread T_5;
    .scope S_0x58a71f2144f0;
T_6 ;
    %delay 5000, 0;
    %load/vec4 v0x58a71f284e20_0;
    %inv;
    %store/vec4 v0x58a71f284e20_0, 0, 1;
    %jmp T_6;
    .thread T_6;
    .scope S_0x58a71f2144f0;
T_7 ;
    %wait E_0x58a71f25c320;
    %vpi_call 2 102 "$display", "[%0t] POSEDGE: csb0=%b web0=%b addr=%0d din=%h wmask=%b spare=%b", $time, v0x58a71f284ef0_0, v0x58a71f2853c0_0, v0x58a71f284d10_0, v0x58a71f284ff0_0, v0x58a71f285520_0, v0x58a71f2852f0_0 {0 0 0};
    %jmp T_7;
    .thread T_7;
    .scope S_0x58a71f2144f0;
T_8 ;
    %wait E_0x58a71f256ee0;
    %vpi_call 2 108 "$display", "[%0t] NEGEDGE: dout=%h", $time, v0x58a71f2850c0_0 {0 0 0};
    %jmp T_8;
    .thread T_8;
    .scope S_0x58a71f2144f0;
T_9 ;
    %vpi_call 2 114 "$dumpfile", "verification/verilog/results/openram_tb.vcd" {0 0 0};
    %vpi_call 2 115 "$dumpvars", 32'sb00000000000000000000000000000000, S_0x58a71f2144f0 {0 0 0};
    %pushi/vec4 0, 0, 1;
    %store/vec4 v0x58a71f284e20_0, 0, 1;
    %pushi/vec4 1, 0, 1;
    %store/vec4 v0x58a71f284ef0_0, 0, 1;
    %pushi/vec4 1, 0, 1;
    %store/vec4 v0x58a71f2853c0_0, 0, 1;
    %pushi/vec4 15, 0, 4;
    %store/vec4 v0x58a71f285520_0, 0, 4;
    %pushi/vec4 1, 0, 1;
    %store/vec4 v0x58a71f2852f0_0, 0, 1;
    %pushi/vec4 0, 0, 5;
    %store/vec4 v0x58a71f284d10_0, 0, 5;
    %pushi/vec4 0, 0, 9;
    %store/vec4 v0x58a71f284ff0_0, 0, 9;
    %pushi/vec4 0, 0, 32;
    %store/vec4 v0x58a71f285250_0, 0, 32;
    %pushi/vec4 0, 0, 32;
    %store/vec4 v0x58a71f2851b0_0, 0, 32;
    %delay 20000, 0;
    %vpi_call 2 135 "$display", "\000" {0 0 0};
    %vpi_call 2 136 "$display", "TEST-1 WRITE ZERO" {0 0 0};
    %pushi/vec4 0, 0, 5;
    %store/vec4 v0x58a71f284b30_0, 0, 5;
    %pushi/vec4 0, 0, 9;
    %store/vec4 v0x58a71f284c30_0, 0, 9;
    %fork TD_openram_tb.write_word, S_0x58a71f284950;
    %join;
    %pushi/vec4 0, 0, 5;
    %store/vec4 v0x58a71f284870_0, 0, 5;
    %fork TD_openram_tb.read_word, S_0x58a71f284690;
    %join;
    %pushi/vec4 0, 0, 9;
    %store/vec4 v0x58a71f2845b0_0, 0, 9;
    %fork TD_openram_tb.check_data, S_0x58a71f284400;
    %join;
    %vpi_call 2 144 "$display", "\000" {0 0 0};
    %vpi_call 2 145 "$display", "TEST-2 WRITE ONE" {0 0 0};
    %pushi/vec4 1, 0, 5;
    %store/vec4 v0x58a71f284b30_0, 0, 5;
    %pushi/vec4 511, 0, 9;
    %store/vec4 v0x58a71f284c30_0, 0, 9;
    %fork TD_openram_tb.write_word, S_0x58a71f284950;
    %join;
    %pushi/vec4 1, 0, 5;
    %store/vec4 v0x58a71f284870_0, 0, 5;
    %fork TD_openram_tb.read_word, S_0x58a71f284690;
    %join;
    %pushi/vec4 511, 0, 9;
    %store/vec4 v0x58a71f2845b0_0, 0, 9;
    %fork TD_openram_tb.check_data, S_0x58a71f284400;
    %join;
    %vpi_call 2 153 "$display", "\000" {0 0 0};
    %vpi_call 2 154 "$display", "TEST-3 ALTERNATING" {0 0 0};
    %pushi/vec4 2, 0, 5;
    %store/vec4 v0x58a71f284b30_0, 0, 5;
    %pushi/vec4 341, 0, 9;
    %store/vec4 v0x58a71f284c30_0, 0, 9;
    %fork TD_openram_tb.write_word, S_0x58a71f284950;
    %join;
    %pushi/vec4 2, 0, 5;
    %store/vec4 v0x58a71f284870_0, 0, 5;
    %fork TD_openram_tb.read_word, S_0x58a71f284690;
    %join;
    %pushi/vec4 341, 0, 9;
    %store/vec4 v0x58a71f2845b0_0, 0, 9;
    %fork TD_openram_tb.check_data, S_0x58a71f284400;
    %join;
    %vpi_call 2 162 "$display", "\000" {0 0 0};
    %vpi_call 2 163 "$display", "TEST-4 ALTERNATING" {0 0 0};
    %pushi/vec4 3, 0, 5;
    %store/vec4 v0x58a71f284b30_0, 0, 5;
    %pushi/vec4 170, 0, 9;
    %store/vec4 v0x58a71f284c30_0, 0, 9;
    %fork TD_openram_tb.write_word, S_0x58a71f284950;
    %join;
    %pushi/vec4 3, 0, 5;
    %store/vec4 v0x58a71f284870_0, 0, 5;
    %fork TD_openram_tb.read_word, S_0x58a71f284690;
    %join;
    %pushi/vec4 170, 0, 9;
    %store/vec4 v0x58a71f2845b0_0, 0, 9;
    %fork TD_openram_tb.check_data, S_0x58a71f284400;
    %join;
    %vpi_call 2 170 "$display", "\000" {0 0 0};
    %vpi_call 2 171 "$display", "------------------------------" {0 0 0};
    %vpi_call 2 172 "$display", "PASS = %0d", v0x58a71f285250_0 {0 0 0};
    %vpi_call 2 173 "$display", "FAIL = %0d", v0x58a71f2851b0_0 {0 0 0};
    %vpi_call 2 174 "$display", "------------------------------" {0 0 0};
    %delay 20000, 0;
    %vpi_call 2 178 "$finish" {0 0 0};
    %end;
    .thread T_9;
# The file index is used to find the file name in the following table.
:file_names 4;
    "N/A";
    "<interactive>";
    "verification/verilog/tests/openram_tb.v";
    "openram/results/sky130_sram_0kbytes_1rw_8x16_2.v";
